python : Traceback 
(most recent call 
last):
In riga:1 car:1
+ python 
test_quick.py > 
test_output.txt 2>&1
+ ~~~~~~~~~~~~~~~~~~~~
~~~~~~~~~~~~~~~~~~~~~~
~
    + CategoryInfo    
          : NotSpeci  
  fied: (Traceback    
 (most recent call    
 last)::String) [    
], RemoteExceptio    n
    + FullyQualifiedE 
   rrorId : NativeCo  
  mmandError
 
  File "C:\Users\alexa
\Desktop\Risiko\test_q
uick.py", line 36, in 
<module>
    
evo.evaluate_fitness()
  File "C:\Users\alexa
\Desktop\Risiko\evolut
ion.py", line 107, in 
evaluate_fitness
    winner, 
final_state = 
game.play_game(agents)
                      
    
^^^^^^^^^^^^^^^^^^^^^^
  File "C:\Users\alexa
\Desktop\Risiko\game.p
y", line 507, in 
play_game
    state = 
self.play_turn(state, 
agents)
            ^^^^^^^^^^
^^^^^^^^^^^^^^^^^^^
  File "C:\Users\alexa
\Desktop\Risiko\game.p
y", line 474, in 
play_turn
    fort_choice = agen
t.fortify(encoded, 
valid_forts)
                  ^^^^
^^^^^^^^^^^^^^^^^^^^^^
^^^^^^^^^
  File "C:\Users\alexa
\Desktop\Risiko\neural
_net.py", line 199, 
in fortify
    move_ratio = float
(sigmoid(np.array([bes
t_score])))[0]
                 ~~~~~
~~~~~~~~~~~~~~~~~~~~~~
~~~~~~~~~~~^^^
TypeError: 'float' 
object is not 
subscriptable
Test 1: Partita completa con agenti random...
  OK! Vincitore: 1, turno: 200

Test 2: Partita completa con agenti neurali...
  Input dim: 140
  OK! Vincitore: 0, turno: 200

Test 3: Valutazione evoluzione...
[Evolution] Parametri per agente: 13909

Tutti i test completati!
